[2025-12-10T17:27:33.566+0000] {manager.py:470} INFO - Processing files using up to 2 processes at a time 
[2025-12-10T17:27:33.570+0000] {manager.py:471} INFO - Process each file at most once every 30 seconds
[2025-12-10T17:27:33.572+0000] {manager.py:472} INFO - Checking for new files in /opt/airflow/dags every 300 seconds
[2025-12-10T17:27:33.575+0000] {manager.py:737} INFO - Searching for files in /opt/airflow/dags
[2025-12-10T17:27:33.579+0000] {manager.py:740} INFO - There are 0 files in /opt/airflow/dags
[2025-12-10T17:32:33.872+0000] {manager.py:737} INFO - Searching for files in /opt/airflow/dags
[2025-12-10T17:32:33.876+0000] {manager.py:740} INFO - There are 0 files in /opt/airflow/dags
[2025-12-10T17:37:34.401+0000] {manager.py:737} INFO - Searching for files in /opt/airflow/dags
[2025-12-10T17:37:34.404+0000] {manager.py:740} INFO - There are 0 files in /opt/airflow/dags
[2025-12-10T17:42:35.110+0000] {manager.py:737} INFO - Searching for files in /opt/airflow/dags
[2025-12-10T17:42:35.128+0000] {manager.py:740} INFO - There are 0 files in /opt/airflow/dags
[2025-12-10T17:47:35.612+0000] {manager.py:737} INFO - Searching for files in /opt/airflow/dags
[2025-12-10T17:47:35.625+0000] {manager.py:740} INFO - There are 0 files in /opt/airflow/dags
[2025-12-10T17:52:36.298+0000] {manager.py:737} INFO - Searching for files in /opt/airflow/dags
[2025-12-10T17:52:36.301+0000] {manager.py:740} INFO - There are 0 files in /opt/airflow/dags
[2025-12-10T17:57:36.406+0000] {manager.py:737} INFO - Searching for files in /opt/airflow/dags
[2025-12-10T17:57:36.411+0000] {manager.py:740} INFO - There are 0 files in /opt/airflow/dags
[2025-12-10T18:02:36.899+0000] {manager.py:737} INFO - Searching for files in /opt/airflow/dags
[2025-12-10T18:02:36.915+0000] {manager.py:740} INFO - There are 0 files in /opt/airflow/dags
[2025-12-10T18:07:37.420+0000] {manager.py:737} INFO - Searching for files in /opt/airflow/dags
[2025-12-10T18:07:37.423+0000] {manager.py:740} INFO - There are 0 files in /opt/airflow/dags
[2025-12-10T18:12:37.959+0000] {manager.py:737} INFO - Searching for files in /opt/airflow/dags
[2025-12-10T18:12:37.973+0000] {manager.py:740} INFO - There are 0 files in /opt/airflow/dags
[2025-12-10T18:17:38.538+0000] {manager.py:737} INFO - Searching for files in /opt/airflow/dags
[2025-12-10T18:17:38.557+0000] {manager.py:740} INFO - There are 0 files in /opt/airflow/dags
[2025-12-10T18:22:38.936+0000] {manager.py:737} INFO - Searching for files in /opt/airflow/dags
[2025-12-10T18:22:38.941+0000] {manager.py:740} INFO - There are 0 files in /opt/airflow/dags
[2025-12-10T18:27:39.411+0000] {manager.py:737} INFO - Searching for files in /opt/airflow/dags
[2025-12-10T18:27:39.414+0000] {manager.py:740} INFO - There are 0 files in /opt/airflow/dags
[2025-12-10T18:32:40.101+0000] {manager.py:737} INFO - Searching for files in /opt/airflow/dags
[2025-12-10T18:32:40.104+0000] {manager.py:740} INFO - There are 0 files in /opt/airflow/dags
[2025-12-10T18:37:40.625+0000] {manager.py:737} INFO - Searching for files in /opt/airflow/dags
[2025-12-10T18:37:40.631+0000] {manager.py:740} INFO - There are 0 files in /opt/airflow/dags
[2025-12-10T18:42:41.184+0000] {manager.py:737} INFO - Searching for files in /opt/airflow/dags
[2025-12-10T18:42:41.188+0000] {manager.py:740} INFO - There are 0 files in /opt/airflow/dags
[2025-12-10T18:47:41.717+0000] {manager.py:737} INFO - Searching for files in /opt/airflow/dags
[2025-12-10T18:47:41.721+0000] {manager.py:740} INFO - There are 0 files in /opt/airflow/dags
[2025-12-10T18:52:42.209+0000] {manager.py:737} INFO - Searching for files in /opt/airflow/dags
[2025-12-10T18:52:42.213+0000] {manager.py:740} INFO - There are 0 files in /opt/airflow/dags
[2025-12-10T18:57:42.820+0000] {manager.py:737} INFO - Searching for files in /opt/airflow/dags
[2025-12-10T18:57:42.835+0000] {manager.py:740} INFO - There are 0 files in /opt/airflow/dags
[2025-12-10T19:02:43.267+0000] {manager.py:737} INFO - Searching for files in /opt/airflow/dags
[2025-12-10T19:02:43.270+0000] {manager.py:740} INFO - There are 0 files in /opt/airflow/dags
[2025-12-10T19:07:43.872+0000] {manager.py:737} INFO - Searching for files in /opt/airflow/dags
[2025-12-10T19:07:43.879+0000] {manager.py:740} INFO - There are 0 files in /opt/airflow/dags
[2025-12-10T19:12:44.505+0000] {manager.py:737} INFO - Searching for files in /opt/airflow/dags
[2025-12-10T19:12:44.508+0000] {manager.py:740} INFO - There are 0 files in /opt/airflow/dags
[2025-12-10T19:17:45.061+0000] {manager.py:737} INFO - Searching for files in /opt/airflow/dags
[2025-12-10T19:17:45.064+0000] {manager.py:740} INFO - There are 0 files in /opt/airflow/dags
[2025-12-10T19:22:45.627+0000] {manager.py:737} INFO - Searching for files in /opt/airflow/dags
[2025-12-10T19:22:45.631+0000] {manager.py:740} INFO - There are 0 files in /opt/airflow/dags
[2025-12-10T19:27:46.173+0000] {manager.py:737} INFO - Searching for files in /opt/airflow/dags
[2025-12-10T19:27:46.177+0000] {manager.py:740} INFO - There are 0 files in /opt/airflow/dags
[2025-12-10T19:32:46.781+0000] {manager.py:737} INFO - Searching for files in /opt/airflow/dags
[2025-12-10T19:32:46.785+0000] {manager.py:740} INFO - There are 0 files in /opt/airflow/dags
[2025-12-10T19:37:47.322+0000] {manager.py:737} INFO - Searching for files in /opt/airflow/dags
[2025-12-10T19:37:47.327+0000] {manager.py:740} INFO - There are 0 files in /opt/airflow/dags
[2025-12-10T19:42:47.753+0000] {manager.py:737} INFO - Searching for files in /opt/airflow/dags
[2025-12-10T19:42:47.758+0000] {manager.py:740} INFO - There are 0 files in /opt/airflow/dags
[2025-12-10T19:47:48.273+0000] {manager.py:737} INFO - Searching for files in /opt/airflow/dags
[2025-12-10T19:47:48.292+0000] {manager.py:740} INFO - There are 0 files in /opt/airflow/dags
[2025-12-10T19:52:48.726+0000] {manager.py:737} INFO - Searching for files in /opt/airflow/dags
[2025-12-10T19:52:48.741+0000] {manager.py:740} INFO - There are 0 files in /opt/airflow/dags
[2025-12-10T19:57:49.316+0000] {manager.py:737} INFO - Searching for files in /opt/airflow/dags
[2025-12-10T19:57:49.330+0000] {manager.py:740} INFO - There are 0 files in /opt/airflow/dags
[2025-12-10T20:02:49.701+0000] {manager.py:737} INFO - Searching for files in /opt/airflow/dags
[2025-12-10T20:02:49.703+0000] {manager.py:740} INFO - There are 0 files in /opt/airflow/dags
[2025-12-10T20:07:49.728+0000] {manager.py:737} INFO - Searching for files in /opt/airflow/dags
[2025-12-10T20:07:49.732+0000] {manager.py:740} INFO - There are 0 files in /opt/airflow/dags
[2025-12-10T20:12:49.802+0000] {manager.py:737} INFO - Searching for files in /opt/airflow/dags
[2025-12-10T20:12:49.807+0000] {manager.py:740} INFO - There are 0 files in /opt/airflow/dags
[2025-12-10T20:17:49.859+0000] {manager.py:737} INFO - Searching for files in /opt/airflow/dags
[2025-12-10T20:17:49.864+0000] {manager.py:740} INFO - There are 0 files in /opt/airflow/dags
[2025-12-10T20:22:49.933+0000] {manager.py:737} INFO - Searching for files in /opt/airflow/dags
[2025-12-10T20:22:49.935+0000] {manager.py:740} INFO - There are 0 files in /opt/airflow/dags
[2025-12-10T20:27:49.941+0000] {manager.py:737} INFO - Searching for files in /opt/airflow/dags
[2025-12-10T20:27:49.945+0000] {manager.py:740} INFO - There are 0 files in /opt/airflow/dags
[2025-12-10T20:32:50.291+0000] {manager.py:737} INFO - Searching for files in /opt/airflow/dags
[2025-12-10T20:32:50.296+0000] {manager.py:740} INFO - There are 0 files in /opt/airflow/dags
[2025-12-10T20:37:50.432+0000] {manager.py:737} INFO - Searching for files in /opt/airflow/dags
[2025-12-10T20:37:50.437+0000] {manager.py:740} INFO - There are 0 files in /opt/airflow/dags
[2025-12-10T20:42:51.420+0000] {manager.py:737} INFO - Searching for files in /opt/airflow/dags
[2025-12-10T20:42:51.423+0000] {manager.py:740} INFO - There are 0 files in /opt/airflow/dags
[2025-12-10T20:47:51.513+0000] {manager.py:737} INFO - Searching for files in /opt/airflow/dags
[2025-12-10T20:47:51.516+0000] {manager.py:740} INFO - There are 0 files in /opt/airflow/dags
[2025-12-10T20:52:51.608+0000] {manager.py:737} INFO - Searching for files in /opt/airflow/dags
[2025-12-10T20:52:51.611+0000] {manager.py:740} INFO - There are 0 files in /opt/airflow/dags
[2025-12-10T20:57:51.621+0000] {manager.py:737} INFO - Searching for files in /opt/airflow/dags
[2025-12-10T20:57:51.625+0000] {manager.py:740} INFO - There are 0 files in /opt/airflow/dags
[2025-12-10T21:02:52.607+0000] {manager.py:737} INFO - Searching for files in /opt/airflow/dags
[2025-12-10T21:02:52.609+0000] {manager.py:740} INFO - There are 0 files in /opt/airflow/dags
[2025-12-10T21:07:53.556+0000] {manager.py:737} INFO - Searching for files in /opt/airflow/dags
[2025-12-10T21:07:53.558+0000] {manager.py:740} INFO - There are 0 files in /opt/airflow/dags
[2025-12-10T21:12:54.433+0000] {manager.py:737} INFO - Searching for files in /opt/airflow/dags
[2025-12-10T21:12:54.435+0000] {manager.py:740} INFO - There are 0 files in /opt/airflow/dags
[2025-12-16T15:09:15.944+0000] {manager.py:470} INFO - Processing files using up to 2 processes at a time 
[2025-12-16T15:09:15.946+0000] {manager.py:471} INFO - Process each file at most once every 30 seconds
[2025-12-16T15:09:15.946+0000] {manager.py:472} INFO - Checking for new files in /opt/airflow/dags every 300 seconds
[2025-12-16T15:09:15.947+0000] {manager.py:737} INFO - Searching for files in /opt/airflow/dags
[2025-12-16T15:09:15.950+0000] {manager.py:740} INFO - There are 0 files in /opt/airflow/dags
[2025-12-16T15:14:16.387+0000] {manager.py:737} INFO - Searching for files in /opt/airflow/dags
[2025-12-16T15:14:16.397+0000] {manager.py:740} INFO - There are 0 files in /opt/airflow/dags
[2025-12-16T15:19:16.827+0000] {manager.py:737} INFO - Searching for files in /opt/airflow/dags
[2025-12-16T15:19:16.830+0000] {manager.py:740} INFO - There are 0 files in /opt/airflow/dags
[2025-12-16T15:20:07.700+0000] {manager.py:470} INFO - Processing files using up to 2 processes at a time 
[2025-12-16T15:20:07.701+0000] {manager.py:471} INFO - Process each file at most once every 30 seconds
[2025-12-16T15:20:07.702+0000] {manager.py:472} INFO - Checking for new files in /opt/airflow/dags every 300 seconds
[2025-12-16T15:20:07.702+0000] {manager.py:737} INFO - Searching for files in /opt/airflow/dags
[2025-12-16T15:20:07.705+0000] {manager.py:740} INFO - There are 0 files in /opt/airflow/dags
[2025-12-16T15:25:07.950+0000] {manager.py:737} INFO - Searching for files in /opt/airflow/dags
[2025-12-16T15:25:07.953+0000] {manager.py:740} INFO - There are 0 files in /opt/airflow/dags
[2025-12-16T15:30:08.242+0000] {manager.py:737} INFO - Searching for files in /opt/airflow/dags
[2025-12-16T15:30:08.246+0000] {manager.py:740} INFO - There are 0 files in /opt/airflow/dags
[2025-12-16T15:35:08.768+0000] {manager.py:737} INFO - Searching for files in /opt/airflow/dags
[2025-12-16T15:35:08.772+0000] {manager.py:740} INFO - There are 0 files in /opt/airflow/dags
[2025-12-16T15:40:09.105+0000] {manager.py:737} INFO - Searching for files in /opt/airflow/dags
[2025-12-16T15:40:09.120+0000] {manager.py:740} INFO - There are 0 files in /opt/airflow/dags
[2025-12-16T15:45:09.550+0000] {manager.py:737} INFO - Searching for files in /opt/airflow/dags
[2025-12-16T15:45:09.555+0000] {manager.py:740} INFO - There are 0 files in /opt/airflow/dags
[2025-12-16T15:50:10.076+0000] {manager.py:737} INFO - Searching for files in /opt/airflow/dags
[2025-12-16T15:50:10.085+0000] {manager.py:740} INFO - There are 0 files in /opt/airflow/dags
[2025-12-16T15:55:10.363+0000] {manager.py:737} INFO - Searching for files in /opt/airflow/dags
[2025-12-16T15:55:10.366+0000] {manager.py:740} INFO - There are 0 files in /opt/airflow/dags
[2025-12-16T16:00:10.638+0000] {manager.py:737} INFO - Searching for files in /opt/airflow/dags
[2025-12-16T16:00:10.643+0000] {manager.py:740} INFO - There are 0 files in /opt/airflow/dags
[2025-12-16T16:05:10.877+0000] {manager.py:737} INFO - Searching for files in /opt/airflow/dags
[2025-12-16T16:05:10.879+0000] {manager.py:740} INFO - There are 0 files in /opt/airflow/dags
[2025-12-16T16:10:11.420+0000] {manager.py:737} INFO - Searching for files in /opt/airflow/dags
[2025-12-16T16:10:11.425+0000] {manager.py:740} INFO - There are 0 files in /opt/airflow/dags
[2025-12-16T16:15:11.862+0000] {manager.py:737} INFO - Searching for files in /opt/airflow/dags
[2025-12-16T16:15:11.866+0000] {manager.py:740} INFO - There are 0 files in /opt/airflow/dags
[2025-12-16T16:20:12.279+0000] {manager.py:737} INFO - Searching for files in /opt/airflow/dags
[2025-12-16T16:20:12.285+0000] {manager.py:740} INFO - There are 0 files in /opt/airflow/dags
[2025-12-16T16:25:12.573+0000] {manager.py:737} INFO - Searching for files in /opt/airflow/dags
[2025-12-16T16:25:12.579+0000] {manager.py:740} INFO - There are 0 files in /opt/airflow/dags
[2025-12-16T16:30:13.012+0000] {manager.py:737} INFO - Searching for files in /opt/airflow/dags
[2025-12-16T16:30:13.030+0000] {manager.py:740} INFO - There are 0 files in /opt/airflow/dags
[2025-12-16T16:35:13.211+0000] {manager.py:737} INFO - Searching for files in /opt/airflow/dags
[2025-12-16T16:35:13.214+0000] {manager.py:740} INFO - There are 0 files in /opt/airflow/dags
[2025-12-16T16:40:13.687+0000] {manager.py:737} INFO - Searching for files in /opt/airflow/dags
[2025-12-16T16:40:13.690+0000] {manager.py:740} INFO - There are 0 files in /opt/airflow/dags
[2025-12-16T16:45:13.882+0000] {manager.py:737} INFO - Searching for files in /opt/airflow/dags
[2025-12-16T16:45:13.886+0000] {manager.py:740} INFO - There are 0 files in /opt/airflow/dags
[2025-12-16T16:50:14.330+0000] {manager.py:737} INFO - Searching for files in /opt/airflow/dags
[2025-12-16T16:50:14.333+0000] {manager.py:740} INFO - There are 0 files in /opt/airflow/dags
[2025-12-16T16:55:14.815+0000] {manager.py:737} INFO - Searching for files in /opt/airflow/dags
[2025-12-16T16:55:14.819+0000] {manager.py:740} INFO - There are 0 files in /opt/airflow/dags
[2025-12-16T17:00:15.466+0000] {manager.py:737} INFO - Searching for files in /opt/airflow/dags
[2025-12-16T17:00:15.481+0000] {manager.py:740} INFO - There are 0 files in /opt/airflow/dags
[2025-12-16T17:05:15.937+0000] {manager.py:737} INFO - Searching for files in /opt/airflow/dags
[2025-12-16T17:05:15.941+0000] {manager.py:740} INFO - There are 0 files in /opt/airflow/dags
[2025-12-16T17:10:16.262+0000] {manager.py:737} INFO - Searching for files in /opt/airflow/dags
[2025-12-16T17:10:16.266+0000] {manager.py:740} INFO - There are 0 files in /opt/airflow/dags
[2025-12-16T17:15:16.499+0000] {manager.py:737} INFO - Searching for files in /opt/airflow/dags
[2025-12-16T17:15:16.515+0000] {manager.py:740} INFO - There are 0 files in /opt/airflow/dags
[2025-12-16T17:20:16.892+0000] {manager.py:737} INFO - Searching for files in /opt/airflow/dags
[2025-12-16T17:20:16.896+0000] {manager.py:740} INFO - There are 0 files in /opt/airflow/dags
[2025-12-16T17:25:17.390+0000] {manager.py:737} INFO - Searching for files in /opt/airflow/dags
[2025-12-16T17:25:17.394+0000] {manager.py:740} INFO - There are 0 files in /opt/airflow/dags
[2025-12-16T17:30:17.606+0000] {manager.py:737} INFO - Searching for files in /opt/airflow/dags
[2025-12-16T17:30:17.609+0000] {manager.py:740} INFO - There are 0 files in /opt/airflow/dags
[2025-12-18T08:33:40.957+0000] {manager.py:470} INFO - Processing files using up to 2 processes at a time 
[2025-12-18T08:33:40.959+0000] {manager.py:471} INFO - Process each file at most once every 30 seconds
[2025-12-18T08:33:40.960+0000] {manager.py:472} INFO - Checking for new files in /opt/airflow/dags every 300 seconds
[2025-12-18T08:33:40.961+0000] {manager.py:737} INFO - Searching for files in /opt/airflow/dags
[2025-12-18T08:33:40.963+0000] {manager.py:740} INFO - There are 0 files in /opt/airflow/dags
[2025-12-18T08:38:41.316+0000] {manager.py:737} INFO - Searching for files in /opt/airflow/dags
[2025-12-18T08:38:41.320+0000] {manager.py:740} INFO - There are 0 files in /opt/airflow/dags
[2025-12-18T08:43:41.619+0000] {manager.py:737} INFO - Searching for files in /opt/airflow/dags
[2025-12-18T08:43:41.630+0000] {manager.py:740} INFO - There are 0 files in /opt/airflow/dags
[2025-12-18T08:48:42.147+0000] {manager.py:737} INFO - Searching for files in /opt/airflow/dags
[2025-12-18T08:48:42.152+0000] {manager.py:740} INFO - There are 0 files in /opt/airflow/dags
[2025-12-18T08:53:42.495+0000] {manager.py:737} INFO - Searching for files in /opt/airflow/dags
[2025-12-18T08:53:42.498+0000] {manager.py:740} INFO - There are 0 files in /opt/airflow/dags
[2025-12-18T08:58:43.029+0000] {manager.py:737} INFO - Searching for files in /opt/airflow/dags
[2025-12-18T08:58:43.034+0000] {manager.py:740} INFO - There are 0 files in /opt/airflow/dags
[2025-12-18T09:03:43.551+0000] {manager.py:737} INFO - Searching for files in /opt/airflow/dags
[2025-12-18T09:03:43.568+0000] {manager.py:740} INFO - There are 0 files in /opt/airflow/dags
[2025-12-18T09:08:44.246+0000] {manager.py:737} INFO - Searching for files in /opt/airflow/dags
[2025-12-18T09:08:44.249+0000] {manager.py:740} INFO - There are 0 files in /opt/airflow/dags
[2025-12-18T09:13:44.562+0000] {manager.py:737} INFO - Searching for files in /opt/airflow/dags
[2025-12-18T09:13:44.565+0000] {manager.py:740} INFO - There are 0 files in /opt/airflow/dags
[2025-12-18T09:18:45.000+0000] {manager.py:737} INFO - Searching for files in /opt/airflow/dags
[2025-12-18T09:18:45.004+0000] {manager.py:740} INFO - There are 0 files in /opt/airflow/dags
[2025-12-18T09:23:45.449+0000] {manager.py:737} INFO - Searching for files in /opt/airflow/dags
[2025-12-18T09:23:45.467+0000] {manager.py:740} INFO - There are 0 files in /opt/airflow/dags
[2025-12-18T09:28:45.975+0000] {manager.py:737} INFO - Searching for files in /opt/airflow/dags
[2025-12-18T09:28:45.978+0000] {manager.py:740} INFO - There are 0 files in /opt/airflow/dags
[2025-12-18T09:33:46.516+0000] {manager.py:737} INFO - Searching for files in /opt/airflow/dags
[2025-12-18T09:33:46.519+0000] {manager.py:740} INFO - There are 0 files in /opt/airflow/dags
[2025-12-18T09:38:46.947+0000] {manager.py:737} INFO - Searching for files in /opt/airflow/dags
[2025-12-18T09:38:46.951+0000] {manager.py:740} INFO - There are 0 files in /opt/airflow/dags
[2025-12-18T09:43:47.290+0000] {manager.py:737} INFO - Searching for files in /opt/airflow/dags
[2025-12-18T09:43:47.307+0000] {manager.py:740} INFO - There are 0 files in /opt/airflow/dags
[2025-12-18T09:48:47.756+0000] {manager.py:737} INFO - Searching for files in /opt/airflow/dags
[2025-12-18T09:48:47.759+0000] {manager.py:740} INFO - There are 0 files in /opt/airflow/dags
[2025-12-18T09:53:48.120+0000] {manager.py:737} INFO - Searching for files in /opt/airflow/dags
[2025-12-18T09:53:48.125+0000] {manager.py:740} INFO - There are 0 files in /opt/airflow/dags
[2025-12-18T09:58:48.397+0000] {manager.py:737} INFO - Searching for files in /opt/airflow/dags
[2025-12-18T09:58:48.400+0000] {manager.py:740} INFO - There are 0 files in /opt/airflow/dags
[2025-12-18T10:03:48.720+0000] {manager.py:737} INFO - Searching for files in /opt/airflow/dags
[2025-12-18T10:03:48.724+0000] {manager.py:740} INFO - There are 0 files in /opt/airflow/dags
[2025-12-18T10:08:49.379+0000] {manager.py:737} INFO - Searching for files in /opt/airflow/dags
[2025-12-18T10:08:49.382+0000] {manager.py:740} INFO - There are 0 files in /opt/airflow/dags
[2025-12-18T10:13:49.690+0000] {manager.py:737} INFO - Searching for files in /opt/airflow/dags
[2025-12-18T10:13:49.695+0000] {manager.py:740} INFO - There are 0 files in /opt/airflow/dags
[2025-12-18T10:18:50.034+0000] {manager.py:737} INFO - Searching for files in /opt/airflow/dags
[2025-12-18T10:18:50.038+0000] {manager.py:740} INFO - There are 0 files in /opt/airflow/dags
[2025-12-18T10:23:50.498+0000] {manager.py:737} INFO - Searching for files in /opt/airflow/dags
[2025-12-18T10:23:50.501+0000] {manager.py:740} INFO - There are 0 files in /opt/airflow/dags
[2025-12-18T10:28:50.903+0000] {manager.py:737} INFO - Searching for files in /opt/airflow/dags
[2025-12-18T10:28:50.908+0000] {manager.py:740} INFO - There are 0 files in /opt/airflow/dags
[2025-12-18T10:33:51.333+0000] {manager.py:737} INFO - Searching for files in /opt/airflow/dags
[2025-12-18T10:33:51.350+0000] {manager.py:740} INFO - There are 0 files in /opt/airflow/dags
[2025-12-18T10:38:51.916+0000] {manager.py:737} INFO - Searching for files in /opt/airflow/dags
[2025-12-18T10:38:51.928+0000] {manager.py:740} INFO - There are 0 files in /opt/airflow/dags
[2025-12-18T10:43:52.392+0000] {manager.py:737} INFO - Searching for files in /opt/airflow/dags
[2025-12-18T10:43:52.397+0000] {manager.py:740} INFO - There are 0 files in /opt/airflow/dags
[2025-12-18T10:48:52.777+0000] {manager.py:737} INFO - Searching for files in /opt/airflow/dags
[2025-12-18T10:48:52.781+0000] {manager.py:740} INFO - There are 0 files in /opt/airflow/dags
[2025-12-18T10:53:53.209+0000] {manager.py:737} INFO - Searching for files in /opt/airflow/dags
[2025-12-18T10:53:53.225+0000] {manager.py:740} INFO - There are 0 files in /opt/airflow/dags
[2025-12-18T10:58:53.671+0000] {manager.py:737} INFO - Searching for files in /opt/airflow/dags
[2025-12-18T10:58:53.673+0000] {manager.py:740} INFO - There are 0 files in /opt/airflow/dags
[2025-12-18T11:03:54.067+0000] {manager.py:737} INFO - Searching for files in /opt/airflow/dags
[2025-12-18T11:03:54.080+0000] {manager.py:740} INFO - There are 0 files in /opt/airflow/dags
[2025-12-18T11:08:54.481+0000] {manager.py:737} INFO - Searching for files in /opt/airflow/dags
[2025-12-18T11:08:54.484+0000] {manager.py:740} INFO - There are 0 files in /opt/airflow/dags
[2025-12-18T11:13:54.783+0000] {manager.py:737} INFO - Searching for files in /opt/airflow/dags
[2025-12-18T11:13:54.787+0000] {manager.py:740} INFO - There are 0 files in /opt/airflow/dags
[2025-12-18T11:18:55.183+0000] {manager.py:737} INFO - Searching for files in /opt/airflow/dags
[2025-12-18T11:18:55.186+0000] {manager.py:740} INFO - There are 0 files in /opt/airflow/dags
[2025-12-18T11:23:55.566+0000] {manager.py:737} INFO - Searching for files in /opt/airflow/dags
[2025-12-18T11:23:55.569+0000] {manager.py:740} INFO - There are 0 files in /opt/airflow/dags
[2025-12-18T11:28:55.932+0000] {manager.py:737} INFO - Searching for files in /opt/airflow/dags
[2025-12-18T11:28:55.935+0000] {manager.py:740} INFO - There are 0 files in /opt/airflow/dags
[2025-12-18T11:33:56.265+0000] {manager.py:737} INFO - Searching for files in /opt/airflow/dags
[2025-12-18T11:33:56.269+0000] {manager.py:740} INFO - There are 0 files in /opt/airflow/dags
[2025-12-18T11:38:56.741+0000] {manager.py:737} INFO - Searching for files in /opt/airflow/dags
[2025-12-18T11:38:56.744+0000] {manager.py:740} INFO - There are 0 files in /opt/airflow/dags
[2025-12-18T11:43:57.164+0000] {manager.py:737} INFO - Searching for files in /opt/airflow/dags
[2025-12-18T11:43:57.167+0000] {manager.py:740} INFO - There are 0 files in /opt/airflow/dags
[2025-12-18T11:48:57.538+0000] {manager.py:737} INFO - Searching for files in /opt/airflow/dags
[2025-12-18T11:48:57.542+0000] {manager.py:740} INFO - There are 0 files in /opt/airflow/dags
[2025-12-18T11:53:57.962+0000] {manager.py:737} INFO - Searching for files in /opt/airflow/dags
[2025-12-18T11:53:57.964+0000] {manager.py:740} INFO - There are 0 files in /opt/airflow/dags
[2025-12-18T11:58:58.361+0000] {manager.py:737} INFO - Searching for files in /opt/airflow/dags
[2025-12-18T11:58:58.365+0000] {manager.py:740} INFO - There are 0 files in /opt/airflow/dags
[2025-12-18T12:03:58.787+0000] {manager.py:737} INFO - Searching for files in /opt/airflow/dags
[2025-12-18T12:03:58.790+0000] {manager.py:740} INFO - There are 0 files in /opt/airflow/dags
[2025-12-18T12:08:59.192+0000] {manager.py:737} INFO - Searching for files in /opt/airflow/dags
[2025-12-18T12:08:59.196+0000] {manager.py:740} INFO - There are 0 files in /opt/airflow/dags
[2025-12-18T12:13:59.690+0000] {manager.py:737} INFO - Searching for files in /opt/airflow/dags
[2025-12-18T12:13:59.694+0000] {manager.py:740} INFO - There are 0 files in /opt/airflow/dags
[2025-12-18T12:19:00.083+0000] {manager.py:737} INFO - Searching for files in /opt/airflow/dags
[2025-12-18T12:19:00.086+0000] {manager.py:740} INFO - There are 0 files in /opt/airflow/dags
[2025-12-18T12:24:00.401+0000] {manager.py:737} INFO - Searching for files in /opt/airflow/dags
[2025-12-18T12:24:00.406+0000] {manager.py:740} INFO - There are 0 files in /opt/airflow/dags
[2025-12-18T12:29:00.784+0000] {manager.py:737} INFO - Searching for files in /opt/airflow/dags
[2025-12-18T12:29:00.789+0000] {manager.py:740} INFO - There are 0 files in /opt/airflow/dags
[2025-12-18T12:34:01.207+0000] {manager.py:737} INFO - Searching for files in /opt/airflow/dags
[2025-12-18T12:34:01.210+0000] {manager.py:740} INFO - There are 0 files in /opt/airflow/dags
[2025-12-18T12:39:01.534+0000] {manager.py:737} INFO - Searching for files in /opt/airflow/dags
[2025-12-18T12:39:01.537+0000] {manager.py:740} INFO - There are 0 files in /opt/airflow/dags
[2025-12-18T12:44:01.998+0000] {manager.py:737} INFO - Searching for files in /opt/airflow/dags
[2025-12-18T12:44:02.002+0000] {manager.py:740} INFO - There are 0 files in /opt/airflow/dags
[2025-12-18T12:49:02.629+0000] {manager.py:737} INFO - Searching for files in /opt/airflow/dags
[2025-12-18T12:49:02.647+0000] {manager.py:740} INFO - There are 0 files in /opt/airflow/dags
[2025-12-18T12:54:03.029+0000] {manager.py:737} INFO - Searching for files in /opt/airflow/dags
[2025-12-18T12:54:03.040+0000] {manager.py:740} INFO - There are 0 files in /opt/airflow/dags
[2025-12-18T12:59:03.534+0000] {manager.py:737} INFO - Searching for files in /opt/airflow/dags
[2025-12-18T12:59:03.537+0000] {manager.py:740} INFO - There are 0 files in /opt/airflow/dags
[2025-12-18T13:04:03.955+0000] {manager.py:737} INFO - Searching for files in /opt/airflow/dags
[2025-12-18T13:04:03.959+0000] {manager.py:740} INFO - There are 0 files in /opt/airflow/dags
[2025-12-18T13:09:04.366+0000] {manager.py:737} INFO - Searching for files in /opt/airflow/dags
[2025-12-18T13:09:04.369+0000] {manager.py:740} INFO - There are 0 files in /opt/airflow/dags
[2025-12-18T13:14:04.910+0000] {manager.py:737} INFO - Searching for files in /opt/airflow/dags
[2025-12-18T13:14:04.914+0000] {manager.py:740} INFO - There are 0 files in /opt/airflow/dags
[2025-12-18T13:19:05.588+0000] {manager.py:737} INFO - Searching for files in /opt/airflow/dags
[2025-12-18T13:19:05.592+0000] {manager.py:740} INFO - There are 0 files in /opt/airflow/dags
[2025-12-18T13:24:06.209+0000] {manager.py:737} INFO - Searching for files in /opt/airflow/dags
[2025-12-18T13:24:06.213+0000] {manager.py:740} INFO - There are 0 files in /opt/airflow/dags
[2025-12-18T13:29:06.695+0000] {manager.py:737} INFO - Searching for files in /opt/airflow/dags
[2025-12-18T13:29:06.699+0000] {manager.py:740} INFO - There are 0 files in /opt/airflow/dags
[2025-12-18T13:34:07.115+0000] {manager.py:737} INFO - Searching for files in /opt/airflow/dags
[2025-12-18T13:34:07.128+0000] {manager.py:740} INFO - There are 0 files in /opt/airflow/dags
[2025-12-18T13:39:07.714+0000] {manager.py:737} INFO - Searching for files in /opt/airflow/dags
[2025-12-18T13:39:07.731+0000] {manager.py:740} INFO - There are 0 files in /opt/airflow/dags
[2025-12-18T13:44:08.056+0000] {manager.py:737} INFO - Searching for files in /opt/airflow/dags
[2025-12-18T13:44:08.059+0000] {manager.py:740} INFO - There are 0 files in /opt/airflow/dags
[2025-12-18T13:49:08.506+0000] {manager.py:737} INFO - Searching for files in /opt/airflow/dags
[2025-12-18T13:49:08.510+0000] {manager.py:740} INFO - There are 0 files in /opt/airflow/dags
[2025-12-18T13:54:08.954+0000] {manager.py:737} INFO - Searching for files in /opt/airflow/dags
[2025-12-18T13:54:08.967+0000] {manager.py:740} INFO - There are 0 files in /opt/airflow/dags
[2025-12-18T13:59:09.447+0000] {manager.py:737} INFO - Searching for files in /opt/airflow/dags
[2025-12-18T13:59:09.461+0000] {manager.py:740} INFO - There are 0 files in /opt/airflow/dags
[2025-12-18T14:04:09.608+0000] {manager.py:737} INFO - Searching for files in /opt/airflow/dags
[2025-12-18T14:04:09.612+0000] {manager.py:740} INFO - There are 0 files in /opt/airflow/dags
[2025-12-18T14:09:10.315+0000] {manager.py:737} INFO - Searching for files in /opt/airflow/dags
[2025-12-18T14:09:10.332+0000] {manager.py:740} INFO - There are 0 files in /opt/airflow/dags
[2025-12-18T14:14:10.735+0000] {manager.py:737} INFO - Searching for files in /opt/airflow/dags
[2025-12-18T14:14:10.738+0000] {manager.py:740} INFO - There are 0 files in /opt/airflow/dags
[2025-12-18T14:19:11.070+0000] {manager.py:737} INFO - Searching for files in /opt/airflow/dags
[2025-12-18T14:19:11.072+0000] {manager.py:740} INFO - There are 0 files in /opt/airflow/dags
[2025-12-18T14:24:11.471+0000] {manager.py:737} INFO - Searching for files in /opt/airflow/dags
[2025-12-18T14:24:11.475+0000] {manager.py:740} INFO - There are 0 files in /opt/airflow/dags
[2025-12-18T14:29:11.946+0000] {manager.py:737} INFO - Searching for files in /opt/airflow/dags
[2025-12-18T14:29:11.950+0000] {manager.py:740} INFO - There are 0 files in /opt/airflow/dags
[2025-12-18T14:34:12.342+0000] {manager.py:737} INFO - Searching for files in /opt/airflow/dags
[2025-12-18T14:34:12.345+0000] {manager.py:740} INFO - There are 0 files in /opt/airflow/dags
[2025-12-18T14:39:12.693+0000] {manager.py:737} INFO - Searching for files in /opt/airflow/dags
[2025-12-18T14:39:12.704+0000] {manager.py:740} INFO - There are 0 files in /opt/airflow/dags
[2025-12-18T14:44:13.125+0000] {manager.py:737} INFO - Searching for files in /opt/airflow/dags
[2025-12-18T14:44:13.199+0000] {manager.py:740} INFO - There are 0 files in /opt/airflow/dags
[2025-12-18T14:49:13.496+0000] {manager.py:737} INFO - Searching for files in /opt/airflow/dags
[2025-12-18T14:49:13.500+0000] {manager.py:740} INFO - There are 0 files in /opt/airflow/dags
[2025-12-18T14:54:13.896+0000] {manager.py:737} INFO - Searching for files in /opt/airflow/dags
[2025-12-18T14:54:13.901+0000] {manager.py:740} INFO - There are 0 files in /opt/airflow/dags
[2025-12-18T14:59:14.196+0000] {manager.py:737} INFO - Searching for files in /opt/airflow/dags
[2025-12-18T14:59:14.201+0000] {manager.py:740} INFO - There are 0 files in /opt/airflow/dags
[2025-12-18T15:04:14.753+0000] {manager.py:737} INFO - Searching for files in /opt/airflow/dags
[2025-12-18T15:04:14.756+0000] {manager.py:740} INFO - There are 0 files in /opt/airflow/dags
[2025-12-18T15:09:15.184+0000] {manager.py:737} INFO - Searching for files in /opt/airflow/dags
[2025-12-18T15:09:15.188+0000] {manager.py:740} INFO - There are 0 files in /opt/airflow/dags
[2025-12-18T15:14:15.723+0000] {manager.py:737} INFO - Searching for files in /opt/airflow/dags
[2025-12-18T15:14:15.726+0000] {manager.py:740} INFO - There are 0 files in /opt/airflow/dags
[2025-12-18T15:19:16.152+0000] {manager.py:737} INFO - Searching for files in /opt/airflow/dags
[2025-12-18T15:19:16.170+0000] {manager.py:740} INFO - There are 0 files in /opt/airflow/dags
[2025-12-18T15:24:16.637+0000] {manager.py:737} INFO - Searching for files in /opt/airflow/dags
[2025-12-18T15:24:16.640+0000] {manager.py:740} INFO - There are 0 files in /opt/airflow/dags
[2025-12-18T15:29:17.133+0000] {manager.py:737} INFO - Searching for files in /opt/airflow/dags
[2025-12-18T15:29:17.143+0000] {manager.py:740} INFO - There are 0 files in /opt/airflow/dags
[2025-12-18T15:34:17.606+0000] {manager.py:737} INFO - Searching for files in /opt/airflow/dags
[2025-12-18T15:34:17.630+0000] {manager.py:740} INFO - There are 0 files in /opt/airflow/dags
[2025-12-18T15:39:18.084+0000] {manager.py:737} INFO - Searching for files in /opt/airflow/dags
[2025-12-18T15:39:18.086+0000] {manager.py:740} INFO - There are 0 files in /opt/airflow/dags
[2025-12-18T15:44:18.504+0000] {manager.py:737} INFO - Searching for files in /opt/airflow/dags
[2025-12-18T15:44:18.508+0000] {manager.py:740} INFO - There are 0 files in /opt/airflow/dags
[2025-12-18T15:49:19.065+0000] {manager.py:737} INFO - Searching for files in /opt/airflow/dags
[2025-12-18T15:49:19.078+0000] {manager.py:740} INFO - There are 0 files in /opt/airflow/dags
[2025-12-18T15:54:19.561+0000] {manager.py:737} INFO - Searching for files in /opt/airflow/dags
[2025-12-18T15:54:19.568+0000] {manager.py:740} INFO - There are 0 files in /opt/airflow/dags
[2025-12-18T15:59:19.844+0000] {manager.py:737} INFO - Searching for files in /opt/airflow/dags
[2025-12-18T15:59:19.850+0000] {manager.py:740} INFO - There are 0 files in /opt/airflow/dags
[2025-12-18T16:04:20.322+0000] {manager.py:737} INFO - Searching for files in /opt/airflow/dags
[2025-12-18T16:04:20.325+0000] {manager.py:740} INFO - There are 0 files in /opt/airflow/dags
[2025-12-18T16:09:20.485+0000] {manager.py:737} INFO - Searching for files in /opt/airflow/dags
[2025-12-18T16:09:20.488+0000] {manager.py:740} INFO - There are 0 files in /opt/airflow/dags
[2025-12-18T16:14:20.978+0000] {manager.py:737} INFO - Searching for files in /opt/airflow/dags
[2025-12-18T16:14:20.982+0000] {manager.py:740} INFO - There are 0 files in /opt/airflow/dags
[2025-12-18T16:19:21.302+0000] {manager.py:737} INFO - Searching for files in /opt/airflow/dags
[2025-12-18T16:19:21.305+0000] {manager.py:740} INFO - There are 0 files in /opt/airflow/dags
[2025-12-18T16:24:21.632+0000] {manager.py:737} INFO - Searching for files in /opt/airflow/dags
[2025-12-18T16:24:21.636+0000] {manager.py:740} INFO - There are 0 files in /opt/airflow/dags
[2025-12-18T16:29:22.283+0000] {manager.py:737} INFO - Searching for files in /opt/airflow/dags
[2025-12-18T16:29:22.291+0000] {manager.py:740} INFO - There are 0 files in /opt/airflow/dags
[2025-12-18T16:34:22.951+0000] {manager.py:737} INFO - Searching for files in /opt/airflow/dags
[2025-12-18T16:34:22.972+0000] {manager.py:740} INFO - There are 0 files in /opt/airflow/dags
[2025-12-18T16:39:23.695+0000] {manager.py:737} INFO - Searching for files in /opt/airflow/dags
[2025-12-18T16:39:23.698+0000] {manager.py:740} INFO - There are 0 files in /opt/airflow/dags
[2025-12-18T16:44:24.261+0000] {manager.py:737} INFO - Searching for files in /opt/airflow/dags
[2025-12-18T16:44:24.264+0000] {manager.py:740} INFO - There are 0 files in /opt/airflow/dags
[2025-12-18T16:49:24.997+0000] {manager.py:737} INFO - Searching for files in /opt/airflow/dags
[2025-12-18T16:49:25.001+0000] {manager.py:740} INFO - There are 0 files in /opt/airflow/dags
[2025-12-18T16:54:25.654+0000] {manager.py:737} INFO - Searching for files in /opt/airflow/dags
[2025-12-18T16:54:25.662+0000] {manager.py:740} INFO - There are 0 files in /opt/airflow/dags
[2025-12-18T16:59:26.293+0000] {manager.py:737} INFO - Searching for files in /opt/airflow/dags
[2025-12-18T16:59:26.310+0000] {manager.py:740} INFO - There are 0 files in /opt/airflow/dags
[2025-12-18T17:04:27.020+0000] {manager.py:737} INFO - Searching for files in /opt/airflow/dags
[2025-12-18T17:04:27.024+0000] {manager.py:740} INFO - There are 0 files in /opt/airflow/dags
[2025-12-18T17:09:27.817+0000] {manager.py:737} INFO - Searching for files in /opt/airflow/dags
[2025-12-18T17:09:27.830+0000] {manager.py:740} INFO - There are 0 files in /opt/airflow/dags
[2025-12-18T17:14:28.464+0000] {manager.py:737} INFO - Searching for files in /opt/airflow/dags
[2025-12-18T17:14:28.468+0000] {manager.py:740} INFO - There are 0 files in /opt/airflow/dags
[2025-12-18T17:19:29.171+0000] {manager.py:737} INFO - Searching for files in /opt/airflow/dags
[2025-12-18T17:19:29.180+0000] {manager.py:740} INFO - There are 0 files in /opt/airflow/dags
[2025-12-18T17:24:29.937+0000] {manager.py:737} INFO - Searching for files in /opt/airflow/dags
[2025-12-18T17:24:29.941+0000] {manager.py:740} INFO - There are 0 files in /opt/airflow/dags
[2025-12-18T17:29:30.723+0000] {manager.py:737} INFO - Searching for files in /opt/airflow/dags
[2025-12-18T17:29:30.737+0000] {manager.py:740} INFO - There are 0 files in /opt/airflow/dags
[2025-12-18T17:34:31.455+0000] {manager.py:737} INFO - Searching for files in /opt/airflow/dags
[2025-12-18T17:34:31.458+0000] {manager.py:740} INFO - There are 0 files in /opt/airflow/dags
[2025-12-18T17:39:32.250+0000] {manager.py:737} INFO - Searching for files in /opt/airflow/dags
[2025-12-18T17:39:32.252+0000] {manager.py:740} INFO - There are 0 files in /opt/airflow/dags
[2025-12-18T17:44:32.894+0000] {manager.py:737} INFO - Searching for files in /opt/airflow/dags
[2025-12-18T17:44:32.911+0000] {manager.py:740} INFO - There are 0 files in /opt/airflow/dags
[2025-12-18T17:49:33.712+0000] {manager.py:737} INFO - Searching for files in /opt/airflow/dags
[2025-12-18T17:49:33.724+0000] {manager.py:740} INFO - There are 0 files in /opt/airflow/dags
[2025-12-18T17:54:34.315+0000] {manager.py:737} INFO - Searching for files in /opt/airflow/dags
[2025-12-18T17:54:34.318+0000] {manager.py:740} INFO - There are 0 files in /opt/airflow/dags
[2025-12-18T17:59:35.132+0000] {manager.py:737} INFO - Searching for files in /opt/airflow/dags
[2025-12-18T17:59:35.145+0000] {manager.py:740} INFO - There are 0 files in /opt/airflow/dags
[2025-12-18T18:04:35.833+0000] {manager.py:737} INFO - Searching for files in /opt/airflow/dags
[2025-12-18T18:04:35.838+0000] {manager.py:740} INFO - There are 0 files in /opt/airflow/dags
[2025-12-18T18:09:36.634+0000] {manager.py:737} INFO - Searching for files in /opt/airflow/dags
[2025-12-18T18:09:36.647+0000] {manager.py:740} INFO - There are 0 files in /opt/airflow/dags
[2025-12-18T18:14:37.387+0000] {manager.py:737} INFO - Searching for files in /opt/airflow/dags
[2025-12-18T18:14:37.393+0000] {manager.py:740} INFO - There are 0 files in /opt/airflow/dags
[2025-12-18T18:19:38.210+0000] {manager.py:737} INFO - Searching for files in /opt/airflow/dags
[2025-12-18T18:19:38.218+0000] {manager.py:740} INFO - There are 0 files in /opt/airflow/dags
[2025-12-18T18:24:38.901+0000] {manager.py:737} INFO - Searching for files in /opt/airflow/dags
[2025-12-18T18:24:38.907+0000] {manager.py:740} INFO - There are 0 files in /opt/airflow/dags
[2025-12-18T18:29:39.502+0000] {manager.py:737} INFO - Searching for files in /opt/airflow/dags
[2025-12-18T18:29:39.506+0000] {manager.py:740} INFO - There are 0 files in /opt/airflow/dags
[2025-12-18T18:34:40.286+0000] {manager.py:737} INFO - Searching for files in /opt/airflow/dags
[2025-12-18T18:34:40.290+0000] {manager.py:740} INFO - There are 0 files in /opt/airflow/dags
[2025-12-18T18:39:41.022+0000] {manager.py:737} INFO - Searching for files in /opt/airflow/dags
[2025-12-18T18:39:41.045+0000] {manager.py:740} INFO - There are 0 files in /opt/airflow/dags
[2025-12-18T18:44:41.927+0000] {manager.py:737} INFO - Searching for files in /opt/airflow/dags
[2025-12-18T18:44:41.940+0000] {manager.py:740} INFO - There are 0 files in /opt/airflow/dags
[2025-12-18T18:49:42.691+0000] {manager.py:737} INFO - Searching for files in /opt/airflow/dags
[2025-12-18T18:49:42.698+0000] {manager.py:740} INFO - There are 0 files in /opt/airflow/dags
[2025-12-18T18:54:43.531+0000] {manager.py:737} INFO - Searching for files in /opt/airflow/dags
[2025-12-18T18:54:43.541+0000] {manager.py:740} INFO - There are 0 files in /opt/airflow/dags
[2025-12-18T18:59:44.289+0000] {manager.py:737} INFO - Searching for files in /opt/airflow/dags
[2025-12-18T18:59:44.301+0000] {manager.py:740} INFO - There are 0 files in /opt/airflow/dags
[2025-12-18T19:04:45.061+0000] {manager.py:737} INFO - Searching for files in /opt/airflow/dags
[2025-12-18T19:04:45.066+0000] {manager.py:740} INFO - There are 0 files in /opt/airflow/dags
[2025-12-18T19:09:45.548+0000] {manager.py:737} INFO - Searching for files in /opt/airflow/dags
[2025-12-18T19:09:45.550+0000] {manager.py:740} INFO - There are 0 files in /opt/airflow/dags
