==================== 2025-12-25T22:16:20.537549Z | 10b9d2c4-01ad-461c-9d37-1d3f97da308b ====================
22:16:20.537652 [info ]: Starting dbt LSP server
22:16:20.537700 [info ]: Connecting to LSP client on port 8000
22:16:20.539245 [info ]: Successfully connected to LSP client
22:16:20.539269 [info ]: Creating LSP service...
22:16:20.616388 [info ]: Creating LSP server...
22:16:20.616414 [info ]: Starting LSP server...
22:16:20.641536 [info ]: Started loading project
22:16:20.649463 [info ]: Finished loading project [  0.01s]
23:06:15.408380 [info ]: Started loading project
23:06:15.424992 [info ]: Finished loading project [  0.02s]
23:06:15.762487 [info ]: Started loading project
23:06:15.766739 [info ]: Finished loading project [  0.00s]
==================== 2025-12-26T08:52:23.744707Z | 059a8040-140c-425d-ba1f-7f740cbde9b0 ====================
08:52:23.744825 [info ]: Starting dbt LSP server
08:52:23.744862 [info ]: Connecting to LSP client on port 8000
08:52:23.746231 [info ]: Successfully connected to LSP client
08:52:23.746245 [info ]: Creating LSP service...
08:52:23.835403 [info ]: Creating LSP server...
08:52:23.835423 [info ]: Starting LSP server...
08:52:23.853911 [info ]: Started loading project
08:52:23.871589 [info ]: Finished loading project [  0.02s]
==================== 2025-12-26T09:51:59.819774Z | ba39bb4e-6b8c-4af8-b11e-c41356597981 ====================
09:51:59.819944 [info ]: Starting dbt LSP server
09:51:59.820042 [info ]: Connecting to LSP client on port 8000
09:51:59.822077 [info ]: Successfully connected to LSP client
09:51:59.822103 [info ]: Creating LSP service...
09:51:59.912800 [info ]: Creating LSP server...
09:51:59.912830 [info ]: Starting LSP server...
09:51:59.934899 [info ]: Started loading project
09:51:59.942656 [info ]: Finished loading project [  0.01s]
==================== 2026-01-02T14:32:08.129182Z | 30371a27-7802-4d6c-aabd-d969d9123490 ====================
14:32:08.129306 [info ]: Starting dbt LSP server
14:32:08.129381 [info ]: Connecting to LSP client on port 8000
14:32:08.130861 [info ]: Successfully connected to LSP client
14:32:08.130874 [info ]: Creating LSP service...
14:32:08.207602 [info ]: Creating LSP server...
14:32:08.207624 [info ]: Starting LSP server...
14:32:08.581912 [info ]: Started loading project
14:32:08.590588 [info ]: Finished loading project [  0.01s]
==================== 2026-01-03T04:46:48.259648Z | 5f5e9e21-2814-468b-895c-0df2921db802 ====================
04:46:48.259728 [info ]: Starting dbt LSP server
04:46:48.259764 [info ]: Connecting to LSP client on port 8000
04:46:48.261040 [info ]: Successfully connected to LSP client
04:46:48.261069 [info ]: Creating LSP service...
04:46:48.336985 [info ]: Creating LSP server...
04:46:48.337029 [info ]: Starting LSP server...
04:46:48.363555 [info ]: Started loading project
04:46:48.392842 [info ]: Finished loading project [  0.03s]
==================== 2026-01-07T14:41:40.679160Z | c446fd3b-d075-4e3d-a17e-6e1dafa2c085 ====================
14:41:40.684981 [info ]: Starting dbt LSP server
14:41:40.686510 [info ]: Connecting to LSP client on port 8000
14:41:40.689248 [info ]: Successfully connected to LSP client
14:41:40.689261 [info ]: Creating LSP service...
14:41:40.820942 [info ]: Creating LSP server...
14:41:40.820962 [info ]: Starting LSP server...
14:41:41.153098 [info ]: Started loading project
14:41:41.252423 [info ]: Finished loading project [  0.10s]
==================== 2026-01-07T15:34:09.700537Z | fc2ac833-c839-4bd2-acd4-e3d200eea269 ====================
15:34:09.700645 [info ]: Starting dbt LSP server
15:34:09.700705 [info ]: Connecting to LSP client on port 8000
15:34:09.701997 [info ]: Successfully connected to LSP client
15:34:09.702016 [info ]: Creating LSP service...
15:34:09.769397 [info ]: Creating LSP server...
15:34:09.769442 [info ]: Starting LSP server...
15:34:10.100590 [info ]: Started loading project
15:34:10.137229 [info ]: Loading profiles.yml
15:34:10.139063 [info ]: Finished loading project [  0.04s]
15:36:25.418562 [info ]: Loading profiles.yml
15:36:26.294679 [info ]: Loading profiles.yml
15:49:49.664184 [info ]: Loading profiles.yml
15:49:50.594518 [info ]: Loading profiles.yml
15:54:38.038819 [info ]: Loading profiles.yml
15:54:38.923400 [info ]: Loading profiles.yml
15:59:29.727447 [info ]: Loading profiles.yml
15:59:30.712321 [info ]: Loading profiles.yml
16:02:30.805806 [info ]: Loading profiles.yml
16:02:31.683984 [info ]: Loading profiles.yml
16:05:31.857620 [info ]: Loading profiles.yml
16:05:33.145493 [info ]: Loading profiles.yml
16:08:52.680513 [info ]: Loading profiles.yml
16:08:53.579724 [info ]: Loading profiles.yml
16:12:04.283851 [info ]: Loading profiles.yml
16:12:05.200385 [info ]: Loading profiles.yml
16:15:24.622087 [info ]: Loading profiles.yml
16:15:25.501167 [info ]: Loading profiles.yml
16:18:31.906536 [info ]: Loading profiles.yml
16:18:32.855616 [info ]: Loading profiles.yml
16:21:32.970935 [info ]: Loading profiles.yml
16:21:33.875928 [info ]: Loading profiles.yml
16:24:34.029291 [info ]: Loading profiles.yml
16:24:34.863452 [info ]: Loading profiles.yml
16:25:21.923018 [info ]: Loading profiles.yml
16:25:41.535658 [info ]: Loading profiles.yml
16:25:46.734170 [info ]: Loading profiles.yml
16:25:50.909934 [info ]: Loading profiles.yml
16:27:35.038560 [info ]: Loading profiles.yml
16:27:35.952668 [info ]: Loading profiles.yml
16:30:39.539545 [info ]: Loading profiles.yml
16:30:40.440275 [info ]: Loading profiles.yml
16:34:36.581518 [info ]: Loading profiles.yml
16:34:37.576718 [info ]: Loading profiles.yml
16:36:19.360430 [info ]: Loading profiles.yml
16:36:22.627646 [info ]: Loading profiles.yml
16:36:27.607552 [info ]: Loading profiles.yml
16:36:36.840232 [info ]: Loading profiles.yml
16:36:56.496029 [info ]: Loading profiles.yml
16:39:01.917231 [info ]: Loading profiles.yml
16:39:02.826472 [info ]: Loading profiles.yml
16:41:23.877418 [info ]: Loading profiles.yml
16:41:37.204271 [info ]: Loading profiles.yml
16:41:47.734148 [info ]: Loading profiles.yml
16:41:52.913079 [info ]: Loading profiles.yml
16:44:12.883030 [info ]: Loading profiles.yml
16:44:13.691721 [info ]: Loading profiles.yml
16:47:13.860627 [info ]: Loading profiles.yml
16:47:14.688406 [info ]: Loading profiles.yml
16:50:56.808304 [info ]: Loading profiles.yml
16:50:57.669704 [info ]: Loading profiles.yml
16:53:57.829451 [info ]: Loading profiles.yml
16:53:58.738618 [info ]: Loading profiles.yml
16:57:04.429887 [info ]: Loading profiles.yml
16:57:05.544763 [info ]: Loading profiles.yml
17:00:05.489066 [info ]: Loading profiles.yml
17:00:06.409849 [info ]: Loading profiles.yml
17:03:18.176762 [info ]: Loading profiles.yml
17:03:19.060167 [info ]: Loading profiles.yml
17:05:14.071239 [info ]: Loading profiles.yml
17:09:02.921761 [info ]: Loading profiles.yml
17:12:03.710004 [info ]: Loading profiles.yml
17:15:04.461084 [info ]: Loading profiles.yml
17:15:05.344372 [info ]: Loading profiles.yml
17:18:45.169162 [info ]: Loading profiles.yml
17:18:45.982550 [info ]: Loading profiles.yml
17:23:17.619839 [info ]: Loading profiles.yml
17:23:18.569572 [info ]: Loading profiles.yml
17:25:05.191688 [info ]: Loading profiles.yml
17:25:13.124660 [info ]: Loading profiles.yml
==================== 2026-01-13T17:45:09.443958Z | 4b0d443b-0d54-4c61-b4cf-3f7aa5344ee6 ====================
17:45:09.447645 [info ]: Starting dbt LSP server
17:45:09.448373 [info ]: Connecting to LSP client on port 8000
17:45:09.452703 [info ]: Successfully connected to LSP client
17:45:09.452723 [info ]: Creating LSP service...
17:45:09.557949 [info ]: Creating LSP server...
17:45:09.557970 [info ]: Starting LSP server...
17:45:09.611801 [info ]: Started loading project
17:45:09.663296 [info ]: Loading profiles.yml
17:45:09.702440 [info ]: Finished loading project [  0.09s]
17:51:15.525491 [info ]: Loading profiles.yml
17:51:16.386569 [info ]: Loading profiles.yml
17:56:17.642639 [info ]: Loading profiles.yml
17:56:18.514711 [info ]: Loading profiles.yml
18:44:08.535201 [info ]: Loading profiles.yml
18:44:09.408085 [info ]: Loading profiles.yml
19:04:04.980088 [info ]: Loading profiles.yml
19:04:05.868339 [info ]: Loading profiles.yml
19:07:06.098596 [info ]: Loading profiles.yml
19:07:06.953328 [info ]: Loading profiles.yml
19:33:24.841778 [info ]: Loading profiles.yml
19:33:25.776124 [info ]: Loading profiles.yml
19:39:30.172340 [info ]: Loading profiles.yml
19:39:31.011321 [info ]: Loading profiles.yml
19:40:44.979119 [info ]: Loading profiles.yml
19:47:43.563009 [info ]: Loading profiles.yml
19:47:44.430220 [info ]: Loading profiles.yml
19:50:51.300777 [info ]: Loading profiles.yml
19:51:28.843218 [info ]: Loading profiles.yml
19:51:29.705342 [info ]: Loading profiles.yml
20:00:18.945812 [info ]: Loading profiles.yml
20:00:19.798441 [info ]: Loading profiles.yml
20:11:14.074636 [info ]: Loading profiles.yml
20:11:14.986676 [info ]: Loading profiles.yml
20:19:52.214502 [info ]: Loading profiles.yml
20:19:53.079852 [info ]: Loading profiles.yml
20:24:34.929475 [info ]: Loading profiles.yml
20:24:35.772828 [info ]: Loading profiles.yml
20:28:21.225576 [info ]: Loading profiles.yml
20:28:22.092238 [info ]: Loading profiles.yml
20:32:40.289535 [info ]: Loading profiles.yml
20:32:41.201548 [info ]: Loading profiles.yml
20:36:51.865902 [info ]: Loading profiles.yml
20:36:52.704373 [info ]: Loading profiles.yml
20:49:16.859712 [info ]: Loading profiles.yml
20:49:17.708563 [info ]: Loading profiles.yml
20:53:19.390450 [info ]: Loading profiles.yml
20:53:20.278141 [info ]: Loading profiles.yml
20:58:06.740586 [info ]: Loading profiles.yml
20:58:07.616443 [info ]: Loading profiles.yml
21:04:54.361271 [info ]: Loading profiles.yml
21:04:55.203375 [info ]: Loading profiles.yml
21:08:07.179212 [info ]: Loading profiles.yml
21:08:08.082180 [info ]: Loading profiles.yml
21:12:01.814868 [info ]: Loading profiles.yml
21:12:02.652196 [info ]: Loading profiles.yml
21:17:34.739061 [info ]: Loading profiles.yml
21:17:35.622616 [info ]: Loading profiles.yml
21:24:22.295506 [info ]: Loading profiles.yml
21:24:23.392139 [info ]: Loading profiles.yml
21:26:48.182618 [info ]: Loading profiles.yml
21:26:48.516157 [info ]: Loading profiles.yml
21:27:25.389807 [info ]: Loading profiles.yml
21:27:26.230258 [info ]: Loading profiles.yml
21:30:26.416488 [info ]: Loading profiles.yml
21:30:27.251563 [info ]: Loading profiles.yml
21:36:26.863512 [info ]: Loading profiles.yml
21:36:27.795251 [info ]: Loading profiles.yml
21:41:38.231928 [info ]: Loading profiles.yml
21:41:39.101518 [info ]: Loading profiles.yml
21:44:43.282334 [info ]: Loading profiles.yml
21:44:44.189991 [info ]: Loading profiles.yml
21:48:04.891221 [info ]: Loading profiles.yml
21:48:05.766822 [info ]: Loading profiles.yml
21:51:08.436927 [info ]: Loading profiles.yml
21:51:09.324825 [info ]: Loading profiles.yml
22:01:54.822791 [info ]: Loading profiles.yml
22:01:55.677726 [info ]: Loading profiles.yml
22:16:11.416869 [info ]: Loading profiles.yml
22:16:12.262664 [info ]: Loading profiles.yml
22:29:00.984503 [info ]: Loading profiles.yml
22:29:02.011381 [info ]: Loading profiles.yml
22:33:39.414693 [info ]: Loading profiles.yml
22:33:40.252968 [info ]: Loading profiles.yml
22:55:58.624355 [info ]: Loading profiles.yml
22:55:59.473234 [info ]: Loading profiles.yml
23:14:57.858477 [info ]: Loading profiles.yml
23:14:58.749576 [info ]: Loading profiles.yml
23:18:59.334875 [info ]: Loading profiles.yml
23:19:00.226318 [info ]: Loading profiles.yml
23:22:12.181878 [info ]: Loading profiles.yml
23:22:13.048736 [info ]: Loading profiles.yml
23:25:27.521690 [info ]: Loading profiles.yml
23:25:28.364769 [info ]: Loading profiles.yml
23:28:37.739338 [info ]: Loading profiles.yml
23:28:38.570879 [info ]: Loading profiles.yml
23:32:00.653829 [info ]: Loading profiles.yml
23:32:01.469232 [info ]: Loading profiles.yml
23:35:32.431882 [info ]: Loading profiles.yml
23:35:33.291868 [info ]: Loading profiles.yml
23:39:16.569388 [info ]: Loading profiles.yml
23:39:17.399752 [info ]: Loading profiles.yml
23:51:03.559406 [info ]: Loading profiles.yml
23:51:04.410705 [info ]: Loading profiles.yml
23:55:12.826700 [info ]: Loading profiles.yml
23:55:13.657569 [info ]: Loading profiles.yml
00:08:19.380196 [info ]: Loading profiles.yml
00:08:20.247200 [info ]: Loading profiles.yml
==================== 2026-01-14T09:19:21.122916Z | c797181b-9f55-4330-91bb-a964f54336c5 ====================
09:19:21.122995 [info ]: Starting dbt LSP server
09:19:21.123028 [info ]: Connecting to LSP client on port 8000
09:19:21.125270 [info ]: Successfully connected to LSP client
09:19:21.125294 [info ]: Creating LSP service...
09:19:21.204938 [info ]: Creating LSP server...
09:19:21.204972 [info ]: Starting LSP server...
09:19:21.235080 [info ]: Started loading project
09:19:21.254877 [info ]: Loading profiles.yml
09:19:21.256149 [info ]: Finished loading project [  0.02s]
09:23:20.218213 [info ]: Loading profiles.yml
09:23:21.096136 [info ]: Loading profiles.yml
09:26:21.299490 [info ]: Loading profiles.yml
09:26:22.184671 [info ]: Loading profiles.yml
09:30:31.582616 [info ]: Loading profiles.yml
09:30:32.459649 [info ]: Loading profiles.yml
09:35:43.690191 [info ]: Loading profiles.yml
09:35:44.585765 [info ]: Loading profiles.yml
09:40:29.225878 [info ]: Loading profiles.yml
09:40:30.150788 [info ]: Loading profiles.yml
09:47:07.598038 [info ]: Loading profiles.yml
09:47:08.531999 [info ]: Loading profiles.yml
09:50:08.694362 [info ]: Loading profiles.yml
09:50:09.727347 [info ]: Loading profiles.yml
09:51:05.942258 [info ]: Loading profiles.yml
09:53:20.529768 [info ]: Loading profiles.yml
09:53:21.514593 [info ]: Loading profiles.yml
09:57:32.003991 [info ]: Loading profiles.yml
09:57:32.917665 [info ]: Loading profiles.yml
10:00:33.050556 [info ]: Loading profiles.yml
10:00:33.936486 [info ]: Loading profiles.yml
10:04:44.295226 [info ]: Loading profiles.yml
10:04:45.229276 [info ]: Loading profiles.yml
10:08:09.526353 [info ]: Loading profiles.yml
10:08:10.414860 [info ]: Loading profiles.yml
10:11:10.611158 [info ]: Loading profiles.yml
10:11:11.466831 [info ]: Loading profiles.yml
10:14:24.288674 [info ]: Loading profiles.yml
10:14:25.187836 [info ]: Loading profiles.yml
10:15:53.924518 [info ]: Loading profiles.yml
10:16:00.991129 [info ]: Loading profiles.yml
10:16:03.569349 [info ]: Loading profiles.yml
10:16:03.908409 [info ]: Loading profiles.yml
10:16:16.016233 [info ]: Loading profiles.yml
10:17:27.079449 [info ]: Loading profiles.yml
10:17:28.064665 [info ]: Loading profiles.yml
10:23:55.688861 [info ]: Loading profiles.yml
10:23:56.652581 [info ]: Loading profiles.yml
10:47:38.438944 [info ]: Loading profiles.yml
10:47:39.368327 [info ]: Loading profiles.yml
10:48:25.240328 [info ]: Loading profiles.yml
10:51:00.853458 [info ]: Loading profiles.yml
10:51:01.809845 [info ]: Loading profiles.yml
10:57:48.130232 [info ]: Loading profiles.yml
10:57:49.032265 [info ]: Loading profiles.yml
11:01:29.621332 [info ]: Loading profiles.yml
11:01:30.609544 [info ]: Loading profiles.yml
11:04:30.696413 [info ]: Loading profiles.yml
11:04:31.647978 [info ]: Loading profiles.yml
11:07:52.084221 [info ]: Loading profiles.yml
11:07:53.020536 [info ]: Loading profiles.yml
11:10:58.143239 [info ]: Loading profiles.yml
11:10:59.068504 [info ]: Loading profiles.yml
11:14:12.127635 [info ]: Loading profiles.yml
11:14:13.067635 [info ]: Loading profiles.yml
11:16:01.451591 [info ]: Loading profiles.yml
11:16:11.304363 [info ]: Loading profiles.yml
11:16:20.454819 [info ]: Loading profiles.yml
11:16:53.097053 [info ]: Loading profiles.yml
11:17:13.226184 [info ]: Loading profiles.yml
11:17:14.159076 [info ]: Loading profiles.yml
11:17:47.205516 [info ]: Loading profiles.yml
11:17:48.295137 [info ]: Loading profiles.yml
11:18:31.177205 [info ]: Loading profiles.yml
11:18:31.513989 [info ]: Loading profiles.yml
11:18:33.391406 [info ]: Loading profiles.yml
11:18:33.709535 [info ]: Loading profiles.yml
11:18:34.078761 [info ]: Loading profiles.yml
11:18:34.397016 [info ]: Loading profiles.yml
11:19:48.465177 [info ]: Loading profiles.yml
11:19:48.809759 [info ]: Loading profiles.yml
11:19:53.516526 [info ]: Loading profiles.yml
11:19:53.842311 [info ]: Loading profiles.yml
11:20:00.368608 [info ]: Loading profiles.yml
11:20:01.623773 [info ]: Loading profiles.yml
11:20:14.328013 [info ]: Loading profiles.yml
11:20:15.209365 [info ]: Loading profiles.yml
11:20:35.576839 [info ]: Loading profiles.yml
11:20:45.074676 [info ]: Loading profiles.yml
11:20:45.397939 [info ]: Loading profiles.yml
11:20:47.749598 [info ]: Loading profiles.yml
11:20:48.071671 [info ]: Loading profiles.yml
11:20:52.507055 [info ]: Loading profiles.yml
11:20:52.843640 [info ]: Loading profiles.yml
11:20:55.687312 [info ]: Loading profiles.yml
11:20:56.016383 [info ]: Loading profiles.yml
11:21:03.285118 [info ]: Loading profiles.yml
11:21:09.852340 [info ]: Loading profiles.yml
11:21:10.183332 [info ]: Loading profiles.yml
11:21:10.282066 [info ]: Loading profiles.yml
11:21:10.646399 [info ]: Loading profiles.yml
11:21:10.667853 [info ]: Loading profiles.yml
11:21:11.052573 [info ]: Loading profiles.yml
11:21:29.931292 [info ]: Loading profiles.yml
11:22:15.171531 [info ]: Loading profiles.yml
11:22:15.516937 [info ]: Loading profiles.yml
11:22:26.948938 [info ]: Loading profiles.yml
11:22:27.297854 [info ]: Loading profiles.yml
11:22:33.080041 [info ]: Loading profiles.yml
11:22:34.007232 [info ]: Loading profiles.yml
11:23:17.691408 [info ]: Loading profiles.yml
11:23:18.556083 [info ]: Loading profiles.yml
11:26:18.716485 [info ]: Loading profiles.yml
11:26:19.635451 [info ]: Loading profiles.yml
11:28:54.518084 [info ]: Loading profiles.yml
11:28:54.831822 [info ]: Loading profiles.yml
11:28:55.318755 [info ]: Loading profiles.yml
11:30:30.739232 [info ]: Loading profiles.yml
11:30:31.735260 [info ]: Loading profiles.yml
11:34:33.553126 [info ]: Loading profiles.yml
11:34:34.454318 [info ]: Loading profiles.yml
11:38:45.446651 [info ]: Loading profiles.yml
11:38:46.342549 [info ]: Loading profiles.yml
11:41:52.451588 [info ]: Loading profiles.yml
11:41:53.343005 [info ]: Loading profiles.yml
11:44:53.517284 [info ]: Loading profiles.yml
11:44:54.496771 [info ]: Loading profiles.yml
11:47:54.721945 [info ]: Loading profiles.yml
11:47:55.526626 [info ]: Loading profiles.yml
11:52:06.615499 [info ]: Loading profiles.yml
11:52:07.667234 [info ]: Loading profiles.yml
11:53:24.810844 [info ]: Loading profiles.yml
11:56:09.406206 [info ]: Loading profiles.yml
11:56:10.418387 [info ]: Loading profiles.yml
11:58:33.489432 [info ]: Loading profiles.yml
12:00:16.657437 [info ]: Loading profiles.yml
12:00:17.689405 [info ]: Loading profiles.yml
12:03:41.205518 [info ]: Loading profiles.yml
12:17:14.352469 [info ]: Loading profiles.yml
12:17:15.244708 [info ]: Loading profiles.yml
12:20:05.418591 [info ]: Loading profiles.yml
12:20:18.233451 [info ]: Loading profiles.yml
12:20:19.168563 [info ]: Loading profiles.yml
12:25:55.974386 [info ]: Loading profiles.yml
12:25:56.919930 [info ]: Loading profiles.yml
12:26:10.700821 [info ]: Loading profiles.yml
12:27:13.075131 [info ]: Loading profiles.yml
12:27:24.574586 [info ]: Loading profiles.yml
12:28:26.310688 [info ]: Loading profiles.yml
12:29:10.806968 [info ]: Loading profiles.yml
12:30:07.065618 [info ]: Loading profiles.yml
12:30:37.284395 [info ]: Loading profiles.yml
12:46:05.310232 [info ]: Loading profiles.yml
12:46:23.147337 [info ]: Loading profiles.yml
12:46:51.955495 [info ]: Loading profiles.yml
12:47:01.320836 [info ]: Loading profiles.yml
12:47:04.809845 [info ]: Loading profiles.yml
12:47:08.563847 [info ]: Loading profiles.yml
12:48:07.764622 [info ]: Loading profiles.yml
12:49:23.912342 [info ]: Loading profiles.yml
12:49:24.840689 [info ]: Loading profiles.yml
12:52:12.108066 [info ]: Loading profiles.yml
12:52:15.215527 [info ]: Loading profiles.yml
12:53:20.443862 [info ]: Loading profiles.yml
12:53:21.345197 [info ]: Loading profiles.yml
12:54:07.879610 [info ]: Loading profiles.yml
12:57:10.528824 [info ]: Loading profiles.yml
12:57:11.438438 [info ]: Loading profiles.yml
12:59:47.051277 [info ]: Loading profiles.yml
13:53:19.496982 [info ]: Loading profiles.yml
